[gateway-service] [] 2025-07-20 20:34:12  INFO Version:21 - HV000001: Hibernate Validator 8.0.1.Final
[gateway-service] [] 2025-07-20 20:34:12  INFO DamaiGatewayServiceApplication:50 - Starting DamaiGatewayServiceApplication using Java 17.0.5 with PID 68780 (F:\TicketGrabbing\damai-server\damai-gateway-service\target\classes started by shiyu in F:\TicketGrabbing)
[gateway-service] [] 2025-07-20 20:34:12  INFO DamaiGatewayServiceApplication:660 - The following 1 profile is active: "pro"
[gateway-service] [] 2025-07-20 20:34:13  INFO RepositoryConfigurationDelegate:295 - Multiple Spring Data modules found, entering strict repository configuration mode
[gateway-service] [] 2025-07-20 20:34:13  INFO RepositoryConfigurationDelegate:143 - Bootstrapping Spring Data Redis repositories in DEFAULT mode.
[gateway-service] [] 2025-07-20 20:34:13  INFO RepositoryConfigurationDelegate:211 - Finished Spring Data repository scanning in 12 ms. Found 0 Redis repository interfaces.
[gateway-service] [] 2025-07-20 20:34:13  INFO GenericScope:282 - BeanFactory id=f32a65c6-954a-34fd-8f60-d586f03b5458
[gateway-service] [] 2025-07-20 20:34:13  INFO EnableEncryptablePropertiesBeanFactoryPostProcessor:44 - Post-processing PropertySource instances
[gateway-service] [] 2025-07-20 20:34:13  INFO EncryptablePropertySourceConverter:105 - Skipping PropertySource configurationProperties [class org.springframework.boot.context.properties.source.ConfigurationPropertySourcesPropertySource
[gateway-service] [] 2025-07-20 20:34:13  INFO EncryptablePropertySourceConverter:110 - Converting PropertySource gateway-properties [org.springframework.core.env.MapPropertySource] to EncryptableMapPropertySourceWrapper
[gateway-service] [] 2025-07-20 20:34:13  INFO EncryptablePropertySourceConverter:110 - Converting PropertySource systemProperties [org.springframework.core.env.PropertiesPropertySource] to EncryptableMapPropertySourceWrapper
[gateway-service] [] 2025-07-20 20:34:13  INFO EncryptablePropertySourceConverter:110 - Converting PropertySource systemEnvironment [org.springframework.boot.env.SystemEnvironmentPropertySourceEnvironmentPostProcessor$OriginAwareSystemEnvironmentPropertySource] to EncryptableSystemEnvironmentPropertySourceWrapper
[gateway-service] [] 2025-07-20 20:34:13  INFO EncryptablePropertySourceConverter:110 - Converting PropertySource random [org.springframework.boot.env.RandomValuePropertySource] to EncryptablePropertySourceWrapper
[gateway-service] [] 2025-07-20 20:34:13  INFO EncryptablePropertySourceConverter:110 - Converting PropertySource cachedrandom [org.springframework.cloud.util.random.CachedRandomPropertySource] to EncryptablePropertySourceWrapper
[gateway-service] [] 2025-07-20 20:34:13  INFO EncryptablePropertySourceConverter:110 - Converting PropertySource Config resource 'class path resource [application-pro.yml]' via location 'optional:classpath:/' [org.springframework.boot.env.OriginTrackedMapPropertySource] to EncryptableMapPropertySourceWrapper
[gateway-service] [] 2025-07-20 20:34:13  INFO EncryptablePropertySourceConverter:110 - Converting PropertySource Config resource 'class path resource [application.yml]' via location 'optional:classpath:/' [org.springframework.boot.env.OriginTrackedMapPropertySource] to EncryptableMapPropertySourceWrapper
[gateway-service] [] 2025-07-20 20:34:13  INFO EncryptablePropertySourceConverter:110 - Converting PropertySource springCloudClientHostInfo [org.springframework.core.env.MapPropertySource] to EncryptableMapPropertySourceWrapper
[gateway-service] [] 2025-07-20 20:34:13  WARN PostProcessorRegistrationDelegate$BeanPostProcessorChecker:429 - Bean 'org.springframework.cloud.client.loadbalancer.LoadBalancerAutoConfiguration$DeferringLoadBalancerInterceptorConfig' of type [org.springframework.cloud.client.loadbalancer.LoadBalancerAutoConfiguration$DeferringLoadBalancerInterceptorConfig] is not eligible for getting processed by all BeanPostProcessors (for example: not eligible for auto-proxying). The currently created BeanPostProcessor [lbRestClientPostProcessor] is declared through a non-static factory method on that class; consider declaring it as static instead.
[gateway-service] [] 2025-07-20 20:34:13  WARN PostProcessorRegistrationDelegate$BeanPostProcessorChecker:437 - Bean 'deferringLoadBalancerInterceptor' of type [org.springframework.cloud.client.loadbalancer.DeferringLoadBalancerInterceptor] is not eligible for getting processed by all BeanPostProcessors (for example: not eligible for auto-proxying). Is this bean getting eagerly injected into a currently created BeanPostProcessor [lbRestClientPostProcessor]? Check the corresponding BeanPostProcessor declaration and its dependencies.
[gateway-service] [] 2025-07-20 20:34:13  WARN PostProcessorRegistrationDelegate$BeanPostProcessorChecker:429 - Bean 'org.springframework.cloud.client.loadbalancer.reactive.LoadBalancerBeanPostProcessorAutoConfiguration' of type [org.springframework.cloud.client.loadbalancer.reactive.LoadBalancerBeanPostProcessorAutoConfiguration] is not eligible for getting processed by all BeanPostProcessors (for example: not eligible for auto-proxying). The currently created BeanPostProcessor [loadBalancerWebClientBuilderBeanPostProcessor] is declared through a non-static factory method on that class; consider declaring it as static instead.
[gateway-service] [] 2025-07-20 20:34:13  WARN PostProcessorRegistrationDelegate$BeanPostProcessorChecker:437 - Bean 'org.springframework.cloud.client.loadbalancer.reactive.LoadBalancerBeanPostProcessorAutoConfiguration$ReactorDeferringLoadBalancerFilterConfig' of type [org.springframework.cloud.client.loadbalancer.reactive.LoadBalancerBeanPostProcessorAutoConfiguration$ReactorDeferringLoadBalancerFilterConfig] is not eligible for getting processed by all BeanPostProcessors (for example: not eligible for auto-proxying). Is this bean getting eagerly injected into a currently created BeanPostProcessor [loadBalancerWebClientBuilderBeanPostProcessor]? Check the corresponding BeanPostProcessor declaration and its dependencies.
[gateway-service] [] 2025-07-20 20:34:13  WARN PostProcessorRegistrationDelegate$BeanPostProcessorChecker:437 - Bean 'reactorDeferringLoadBalancerExchangeFilterFunction' of type [org.springframework.cloud.client.loadbalancer.reactive.DeferringLoadBalancerExchangeFilterFunction] is not eligible for getting processed by all BeanPostProcessors (for example: not eligible for auto-proxying). Is this bean getting eagerly injected into a currently created BeanPostProcessor [loadBalancerWebClientBuilderBeanPostProcessor]? Check the corresponding BeanPostProcessor declaration and its dependencies.
[gateway-service] [] 2025-07-20 20:34:13  INFO DefaultLazyPropertyFilter:45 - Property Filter custom Bean not found with name 'encryptablePropertyFilter'. Initializing Default Property Filter
[gateway-service] [] 2025-07-20 20:34:13  INFO DefaultLazyPropertyResolver:46 - Property Resolver custom Bean not found with name 'encryptablePropertyResolver'. Initializing Default Property Resolver
[gateway-service] [] 2025-07-20 20:34:13  INFO DefaultLazyPropertyDetector:44 - Property Detector custom Bean not found with name 'encryptablePropertyDetector'. Initializing Default Property Detector
[gateway-service] [] 2025-07-20 20:34:14  INFO DefaultUidGenerator:100 - Initialized bits(1, 28, 22, 13) for workerID:7
[gateway-service] [] 2025-07-20 20:34:14  INFO CachedUidGenerator:133 - Initialized ring buffer size:65536, paddingFactor:50
[gateway-service] [] 2025-07-20 20:34:14  INFO CachedUidGenerator:142 - Initialized BufferPaddingExecutor. Using schdule:false, interval:null
[gateway-service] [] 2025-07-20 20:34:14  INFO RingBuffer:143 - Ready to padding buffer lastSecond:1753014854. RingBuffer [bufferSize=65536, tail=-1, cursor=-1, paddingThreshold=32768]
[gateway-service] [] 2025-07-20 20:34:14  WARN RingBuffer:196 - Rejected putting buffer for uid:1267203059570761728. RingBuffer [bufferSize=65536, tail=65535, cursor=-1, paddingThreshold=32768]
[gateway-service] [] 2025-07-20 20:34:14  INFO RingBuffer:165 - End to padding buffer lastSecond:1753014863. RingBuffer [bufferSize=65536, tail=65535, cursor=-1, paddingThreshold=32768]
[gateway-service] [] 2025-07-20 20:34:14  INFO CachedUidGenerator:73 - Initialized RingBuffer successfully.
[gateway-service] [] 2025-07-20 20:34:16  INFO RouteDefinitionRouteLocator:89 - Loaded RoutePredicateFactory [After]
[gateway-service] [] 2025-07-20 20:34:16  INFO RouteDefinitionRouteLocator:89 - Loaded RoutePredicateFactory [Before]
[gateway-service] [] 2025-07-20 20:34:16  INFO RouteDefinitionRouteLocator:89 - Loaded RoutePredicateFactory [Between]
[gateway-service] [] 2025-07-20 20:34:16  INFO RouteDefinitionRouteLocator:89 - Loaded RoutePredicateFactory [Cookie]
[gateway-service] [] 2025-07-20 20:34:16  INFO RouteDefinitionRouteLocator:89 - Loaded RoutePredicateFactory [Header]
[gateway-service] [] 2025-07-20 20:34:16  INFO RouteDefinitionRouteLocator:89 - Loaded RoutePredicateFactory [Host]
[gateway-service] [] 2025-07-20 20:34:16  INFO RouteDefinitionRouteLocator:89 - Loaded RoutePredicateFactory [Method]
[gateway-service] [] 2025-07-20 20:34:16  INFO RouteDefinitionRouteLocator:89 - Loaded RoutePredicateFactory [Path]
[gateway-service] [] 2025-07-20 20:34:16  INFO RouteDefinitionRouteLocator:89 - Loaded RoutePredicateFactory [Query]
[gateway-service] [] 2025-07-20 20:34:16  INFO RouteDefinitionRouteLocator:89 - Loaded RoutePredicateFactory [ReadBody]
[gateway-service] [] 2025-07-20 20:34:16  INFO RouteDefinitionRouteLocator:89 - Loaded RoutePredicateFactory [RemoteAddr]
[gateway-service] [] 2025-07-20 20:34:16  INFO RouteDefinitionRouteLocator:89 - Loaded RoutePredicateFactory [XForwardedRemoteAddr]
[gateway-service] [] 2025-07-20 20:34:16  INFO RouteDefinitionRouteLocator:89 - Loaded RoutePredicateFactory [Weight]
[gateway-service] [] 2025-07-20 20:34:16  INFO RouteDefinitionRouteLocator:89 - Loaded RoutePredicateFactory [CloudFoundryRouteService]
[gateway-service] [] 2025-07-20 20:34:16  INFO EndpointLinksResolver:60 - Exposing 24 endpoints beneath base path '/actuator'
[gateway-service] [] 2025-07-20 20:34:17  INFO SentinelWebFluxAutoConfiguration:90 - [Sentinel Starter] register Sentinel SentinelWebFluxFilter
[gateway-service] [] 2025-07-20 20:34:17  WARN LoadBalancerCacheAutoConfiguration$LoadBalancerCaffeineWarnLogger:94 - Spring Cloud LoadBalancer is currently working with the default cache. While this cache implementation is useful for development and tests, it's recommended to use Caffeine cache in production.You can switch to using Caffeine cache, by adding it and org.springframework.cache.caffeine.CaffeineCacheManager to the classpath.
[gateway-service] [] 2025-07-20 20:34:17  INFO NettyWebServer:141 - Netty started on port 6085 (http)
[gateway-service] [] 2025-07-20 20:34:18  INFO naming:62 - initializer namespace from ans.namespace attribute : null
[gateway-service] [] 2025-07-20 20:34:18  INFO naming:66 - initializer namespace from ALIBABA_ALIWARE_NAMESPACE attribute :null
[gateway-service] [] 2025-07-20 20:34:18  INFO naming:73 - initializer namespace from namespace attribute :null
[gateway-service] [] 2025-07-20 20:34:18  INFO CredentialWatcher:189 - null No credential found
[gateway-service] [] 2025-07-20 20:34:18  INFO naming:74 - FailoverDataSource type is class com.alibaba.nacos.client.naming.backups.datasource.DiskFailoverDataSource
[gateway-service] [] 2025-07-20 20:34:18  INFO ParamUtil:89 - [settings] [req-serv] nacos-server port:8848
[gateway-service] [] 2025-07-20 20:34:18  INFO ParamUtil:92 - [settings] [http-client] connect timeout:1000
[gateway-service] [] 2025-07-20 20:34:18  INFO ParamUtil:97 - PER_TASK_CONFIG_SIZE: 3000.0
[gateway-service] [] 2025-07-20 20:34:18  INFO ClientAuthPluginManager:56 - [ClientAuthPluginManager] Load ClientAuthService com.alibaba.nacos.client.auth.impl.NacosClientAuthServiceImpl success.
[gateway-service] [] 2025-07-20 20:34:18  INFO ClientAuthPluginManager:56 - [ClientAuthPluginManager] Load ClientAuthService com.alibaba.nacos.client.auth.ram.RamClientAuthServiceImpl success.
[gateway-service] [] 2025-07-20 20:34:24  INFO client:118 - [RpcClientFactory] create a new rpc client of 5bc3e0ef-8c97-48c3-9b97-aa0c294b8f7f
[gateway-service] [] 2025-07-20 20:34:24  INFO naming:109 - Create naming rpc client for uuid->5bc3e0ef-8c97-48c3-9b97-aa0c294b8f7f
[gateway-service] [] 2025-07-20 20:34:24  INFO client:63 - [5bc3e0ef-8c97-48c3-9b97-aa0c294b8f7f] RpcClient init, ServerListFactory = com.alibaba.nacos.client.naming.core.ServerListManager
[gateway-service] [] 2025-07-20 20:34:24  INFO client:63 - [5bc3e0ef-8c97-48c3-9b97-aa0c294b8f7f] Registry connection listener to current client:com.alibaba.nacos.client.naming.remote.gprc.redo.NamingGrpcRedoService
[gateway-service] [] 2025-07-20 20:34:24  INFO client:63 - [5bc3e0ef-8c97-48c3-9b97-aa0c294b8f7f] Register server push request handler:com.alibaba.nacos.client.naming.remote.gprc.NamingPushRequestHandler
[gateway-service] [] 2025-07-20 20:34:24  INFO client:63 - [5bc3e0ef-8c97-48c3-9b97-aa0c294b8f7f] Try to connect to server on start up, server: {serverIp = '192.168.88.130', server main port = 8848}
[gateway-service] [] 2025-07-20 20:34:24  INFO GrpcClient:210 - grpc client connection server:192.168.88.130 ip,serverPort:9848,grpcTslConfig:{"sslProvider":"","enableTls":false,"mutualAuthEnable":false,"trustAll":false}
[gateway-service] [] 2025-07-20 20:34:25  INFO AbstractAbilityControlManager:61 - Ready to get current node abilities...
[gateway-service] [] 2025-07-20 20:34:25  INFO AbstractAbilityControlManager:89 - Ready to initialize current node abilities, support modes: [SDK_CLIENT]
[gateway-service] [] 2025-07-20 20:34:25  INFO AbstractAbilityControlManager:94 - Initialize current abilities finish...
[gateway-service] [] 2025-07-20 20:34:25  INFO NacosAbilityManagerHolder:85 - [AbilityControlManager] Successfully initialize AbilityControlManager
[gateway-service] [] 2025-07-20 20:34:25  INFO client:63 - [5bc3e0ef-8c97-48c3-9b97-aa0c294b8f7f] Success to connect to server [192.168.88.130:8848] on start up, connectionId = 1753014866141_192.168.88.1_32520
[gateway-service] [] 2025-07-20 20:34:25  INFO client:63 - [5bc3e0ef-8c97-48c3-9b97-aa0c294b8f7f] Notify connected event to listeners.
[gateway-service] [] 2025-07-20 20:34:25  INFO client:63 - [5bc3e0ef-8c97-48c3-9b97-aa0c294b8f7f] Register server push request handler:com.alibaba.nacos.common.remote.client.RpcClient$ConnectResetRequestHandler
[gateway-service] [] 2025-07-20 20:34:25  INFO naming:90 - Grpc connection connect
[gateway-service] [] 2025-07-20 20:34:25  INFO client:63 - [5bc3e0ef-8c97-48c3-9b97-aa0c294b8f7f] Register server push request handler:com.alibaba.nacos.common.remote.client.RpcClient$$Lambda$1670/0x00000008016c9688
[gateway-service] [] 2025-07-20 20:34:25  INFO naming:133 - [REGISTER-SERVICE] public registering service damai-gateway-service with instance Instance{instanceId='null', ip='192.168.0.14', port=6085, weight=1.0, healthy=true, enabled=true, ephemeral=true, clusterName='DEFAULT', serviceName='null', metadata={IPv6=null, preserved.register.source=SPRING_CLOUD}}
[gateway-service] [] 2025-07-20 20:34:25  INFO NacosServiceRegistry:76 - nacos registry, DEFAULT_GROUP damai-gateway-service 192.168.0.14:6085 register finished
[gateway-service] [] 2025-07-20 20:34:26  INFO naming:164 - [SUBSCRIBE-SERVICE] service:damai-gateway-service, group:DEFAULT_GROUP, clusters: 
[gateway-service] [] 2025-07-20 20:34:26  INFO naming:377 - [GRPC-SUBSCRIBE] service:damai-gateway-service, group:DEFAULT_GROUP, cluster: 
[gateway-service] [] 2025-07-20 20:34:26  INFO naming:164 - [SUBSCRIBE-SERVICE] service:damai-gateway-service, group:DEFAULT_GROUP, clusters: 
[gateway-service] [] 2025-07-20 20:34:26  INFO naming:377 - [GRPC-SUBSCRIBE] service:damai-gateway-service, group:DEFAULT_GROUP, cluster: 
[gateway-service] [] 2025-07-20 20:34:26  INFO naming:169 - init new ips(1) service: DEFAULT_GROUP@@damai-gateway-service -> [{"ip":"192.168.0.14","port":6085,"weight":1.0,"healthy":true,"enabled":true,"ephemeral":true,"clusterName":"DEFAULT","serviceName":"DEFAULT_GROUP@@damai-gateway-service","metadata":{"preserved.register.source":"SPRING_CLOUD"},"ipDeleteTimeout":30000,"instanceHeartBeatInterval":5000,"instanceHeartBeatTimeOut":15000}]
[gateway-service] [] 2025-07-20 20:34:26  INFO naming:144 - current ips:(1) service: DEFAULT_GROUP@@damai-gateway-service -> [{"ip":"192.168.0.14","port":6085,"weight":1.0,"healthy":true,"enabled":true,"ephemeral":true,"clusterName":"DEFAULT","serviceName":"DEFAULT_GROUP@@damai-gateway-service","metadata":{"preserved.register.source":"SPRING_CLOUD"},"ipDeleteTimeout":30000,"instanceHeartBeatInterval":5000,"instanceHeartBeatTimeOut":15000}]
[gateway-service] [] 2025-07-20 20:34:26  WARN naming:174 - out of date data received, old-t: 1753014866922, new-t: 1753014866919
[gateway-service] [] 2025-07-20 20:34:26  INFO NacosDiscoveryHeartBeatPublisher:66 - Start nacos heartBeat task scheduler.
[gateway-service] [] 2025-07-20 20:34:26  INFO DamaiGatewayServiceApplication:56 - Started DamaiGatewayServiceApplication in 14.679 seconds (process running for 15.666)
[gateway-service] [] 2025-07-20 20:34:26  INFO client:63 - [5bc3e0ef-8c97-48c3-9b97-aa0c294b8f7f] Receive server push request, request = NotifySubscriberRequest, requestId = 1
[gateway-service] [] 2025-07-20 20:34:26  INFO client:63 - [5bc3e0ef-8c97-48c3-9b97-aa0c294b8f7f] Ack server push request, request = NotifySubscriberRequest, requestId = 1
[gateway-service] [] 2025-07-20 20:39:26  INFO naming:164 - [SUBSCRIBE-SERVICE] service:damai-base-data-service, group:DEFAULT_GROUP, clusters: 
[gateway-service] [] 2025-07-20 20:39:26  INFO naming:164 - [SUBSCRIBE-SERVICE] service:damai-base-data-service, group:DEFAULT_GROUP, clusters: 
[gateway-service] [] 2025-07-20 20:39:26  INFO naming:377 - [GRPC-SUBSCRIBE] service:damai-base-data-service, group:DEFAULT_GROUP, cluster: 
[gateway-service] [] 2025-07-20 20:39:26  INFO naming:377 - [GRPC-SUBSCRIBE] service:damai-base-data-service, group:DEFAULT_GROUP, cluster: 
[gateway-service] [] 2025-07-20 20:39:26  INFO naming:169 - init new ips(1) service: DEFAULT_GROUP@@damai-base-data-service -> [{"ip":"192.168.0.14","port":6083,"weight":1.0,"healthy":true,"enabled":true,"ephemeral":true,"clusterName":"DEFAULT","serviceName":"DEFAULT_GROUP@@damai-base-data-service","metadata":{"preserved.register.source":"SPRING_CLOUD"},"ipDeleteTimeout":30000,"instanceHeartBeatInterval":5000,"instanceHeartBeatTimeOut":15000}]
[gateway-service] [] 2025-07-20 20:39:26  INFO naming:144 - current ips:(1) service: DEFAULT_GROUP@@damai-base-data-service -> [{"ip":"192.168.0.14","port":6083,"weight":1.0,"healthy":true,"enabled":true,"ephemeral":true,"clusterName":"DEFAULT","serviceName":"DEFAULT_GROUP@@damai-base-data-service","metadata":{"preserved.register.source":"SPRING_CLOUD"},"ipDeleteTimeout":30000,"instanceHeartBeatInterval":5000,"instanceHeartBeatTimeOut":15000}]
[gateway-service] [] 2025-07-20 20:39:27  INFO client:63 - [5bc3e0ef-8c97-48c3-9b97-aa0c294b8f7f] Receive server push request, request = NotifySubscriberRequest, requestId = 2
[gateway-service] [] 2025-07-20 20:39:27  INFO client:63 - [5bc3e0ef-8c97-48c3-9b97-aa0c294b8f7f] Ack server push request, request = NotifySubscriberRequest, requestId = 2
[gateway-service] [] 2025-07-20 20:39:56  INFO naming:164 - [SUBSCRIBE-SERVICE] service:damai-program-service, group:DEFAULT_GROUP, clusters: 
[gateway-service] [] 2025-07-20 20:39:56  INFO naming:377 - [GRPC-SUBSCRIBE] service:damai-program-service, group:DEFAULT_GROUP, cluster: 
[gateway-service] [] 2025-07-20 20:39:57  INFO naming:164 - [SUBSCRIBE-SERVICE] service:damai-program-service, group:DEFAULT_GROUP, clusters: 
[gateway-service] [] 2025-07-20 20:39:57  INFO naming:377 - [GRPC-SUBSCRIBE] service:damai-program-service, group:DEFAULT_GROUP, cluster: 
[gateway-service] [] 2025-07-20 20:39:57  INFO naming:164 - [SUBSCRIBE-SERVICE] service:damai-program-service, group:DEFAULT_GROUP, clusters: 
[gateway-service] [] 2025-07-20 20:39:57  INFO naming:377 - [GRPC-SUBSCRIBE] service:damai-program-service, group:DEFAULT_GROUP, cluster: 
[gateway-service] [] 2025-07-20 20:39:57  INFO naming:169 - init new ips(1) service: DEFAULT_GROUP@@damai-program-service -> [{"ip":"192.168.0.14","port":6084,"weight":1.0,"healthy":true,"enabled":true,"ephemeral":true,"clusterName":"DEFAULT","serviceName":"DEFAULT_GROUP@@damai-program-service","metadata":{"preserved.register.source":"SPRING_CLOUD"},"ipDeleteTimeout":30000,"instanceHeartBeatInterval":5000,"instanceHeartBeatTimeOut":15000}]
[gateway-service] [] 2025-07-20 20:39:57  INFO naming:144 - current ips:(1) service: DEFAULT_GROUP@@damai-program-service -> [{"ip":"192.168.0.14","port":6084,"weight":1.0,"healthy":true,"enabled":true,"ephemeral":true,"clusterName":"DEFAULT","serviceName":"DEFAULT_GROUP@@damai-program-service","metadata":{"preserved.register.source":"SPRING_CLOUD"},"ipDeleteTimeout":30000,"instanceHeartBeatInterval":5000,"instanceHeartBeatTimeOut":15000}]
[gateway-service] [] 2025-07-20 20:39:57  INFO client:63 - [5bc3e0ef-8c97-48c3-9b97-aa0c294b8f7f] Receive server push request, request = NotifySubscriberRequest, requestId = 4
[gateway-service] [] 2025-07-20 20:39:57  INFO client:63 - [5bc3e0ef-8c97-48c3-9b97-aa0c294b8f7f] Ack server push request, request = NotifySubscriberRequest, requestId = 4
[gateway-service] [] 2025-07-20 20:40:57  INFO naming:164 - [SUBSCRIBE-SERVICE] service:damai-order-service, group:DEFAULT_GROUP, clusters: 
[gateway-service] [] 2025-07-20 20:40:57  INFO naming:164 - [SUBSCRIBE-SERVICE] service:damai-order-service, group:DEFAULT_GROUP, clusters: 
[gateway-service] [] 2025-07-20 20:40:57  INFO naming:164 - [SUBSCRIBE-SERVICE] service:damai-user-service, group:DEFAULT_GROUP, clusters: 
[gateway-service] [] 2025-07-20 20:40:57  INFO naming:164 - [SUBSCRIBE-SERVICE] service:damai-customize-service, group:DEFAULT_GROUP, clusters: 
[gateway-service] [] 2025-07-20 20:40:57  INFO naming:164 - [SUBSCRIBE-SERVICE] service:damai-user-service, group:DEFAULT_GROUP, clusters: 
[gateway-service] [] 2025-07-20 20:40:57  INFO naming:164 - [SUBSCRIBE-SERVICE] service:damai-customize-service, group:DEFAULT_GROUP, clusters: 
[gateway-service] [] 2025-07-20 20:40:57  INFO naming:377 - [GRPC-SUBSCRIBE] service:damai-order-service, group:DEFAULT_GROUP, cluster: 
[gateway-service] [] 2025-07-20 20:40:57  INFO naming:377 - [GRPC-SUBSCRIBE] service:damai-user-service, group:DEFAULT_GROUP, cluster: 
[gateway-service] [] 2025-07-20 20:40:57  INFO naming:377 - [GRPC-SUBSCRIBE] service:damai-customize-service, group:DEFAULT_GROUP, cluster: 
[gateway-service] [] 2025-07-20 20:40:57  INFO naming:377 - [GRPC-SUBSCRIBE] service:damai-user-service, group:DEFAULT_GROUP, cluster: 
[gateway-service] [] 2025-07-20 20:40:57  INFO naming:377 - [GRPC-SUBSCRIBE] service:damai-order-service, group:DEFAULT_GROUP, cluster: 
[gateway-service] [] 2025-07-20 20:40:57  INFO naming:377 - [GRPC-SUBSCRIBE] service:damai-customize-service, group:DEFAULT_GROUP, cluster: 
[gateway-service] [] 2025-07-20 20:40:57  INFO naming:169 - init new ips(1) service: DEFAULT_GROUP@@damai-order-service -> [{"ip":"192.168.0.14","port":6097,"weight":1.0,"healthy":true,"enabled":true,"ephemeral":true,"clusterName":"DEFAULT","serviceName":"DEFAULT_GROUP@@damai-order-service","metadata":{"preserved.register.source":"SPRING_CLOUD"},"ipDeleteTimeout":30000,"instanceHeartBeatInterval":5000,"instanceHeartBeatTimeOut":15000}]
[gateway-service] [] 2025-07-20 20:40:57  INFO naming:144 - current ips:(1) service: DEFAULT_GROUP@@damai-order-service -> [{"ip":"192.168.0.14","port":6097,"weight":1.0,"healthy":true,"enabled":true,"ephemeral":true,"clusterName":"DEFAULT","serviceName":"DEFAULT_GROUP@@damai-order-service","metadata":{"preserved.register.source":"SPRING_CLOUD"},"ipDeleteTimeout":30000,"instanceHeartBeatInterval":5000,"instanceHeartBeatTimeOut":15000}]
[gateway-service] [] 2025-07-20 20:40:57  INFO naming:169 - init new ips(1) service: DEFAULT_GROUP@@damai-user-service -> [{"ip":"192.168.0.14","port":6082,"weight":1.0,"healthy":true,"enabled":true,"ephemeral":true,"clusterName":"DEFAULT","serviceName":"DEFAULT_GROUP@@damai-user-service","metadata":{"preserved.register.source":"SPRING_CLOUD"},"ipDeleteTimeout":30000,"instanceHeartBeatInterval":5000,"instanceHeartBeatTimeOut":15000}]
[gateway-service] [] 2025-07-20 20:40:57  INFO naming:144 - current ips:(1) service: DEFAULT_GROUP@@damai-user-service -> [{"ip":"192.168.0.14","port":6082,"weight":1.0,"healthy":true,"enabled":true,"ephemeral":true,"clusterName":"DEFAULT","serviceName":"DEFAULT_GROUP@@damai-user-service","metadata":{"preserved.register.source":"SPRING_CLOUD"},"ipDeleteTimeout":30000,"instanceHeartBeatInterval":5000,"instanceHeartBeatTimeOut":15000}]
[gateway-service] [] 2025-07-20 20:40:57  INFO naming:164 - [SUBSCRIBE-SERVICE] service:damai-customize-service, group:DEFAULT_GROUP, clusters: 
[gateway-service] [] 2025-07-20 20:40:57  INFO naming:377 - [GRPC-SUBSCRIBE] service:damai-customize-service, group:DEFAULT_GROUP, cluster: 
[gateway-service] [] 2025-07-20 20:40:57  INFO naming:164 - [SUBSCRIBE-SERVICE] service:damai-customize-service, group:DEFAULT_GROUP, clusters: 
[gateway-service] [] 2025-07-20 20:40:57  INFO naming:377 - [GRPC-SUBSCRIBE] service:damai-customize-service, group:DEFAULT_GROUP, cluster: 
[gateway-service] [] 2025-07-20 20:40:57  INFO naming:169 - init new ips(1) service: DEFAULT_GROUP@@damai-customize-service -> [{"ip":"192.168.0.14","port":6094,"weight":1.0,"healthy":true,"enabled":true,"ephemeral":true,"clusterName":"DEFAULT","serviceName":"DEFAULT_GROUP@@damai-customize-service","metadata":{"preserved.register.source":"SPRING_CLOUD"},"ipDeleteTimeout":30000,"instanceHeartBeatInterval":5000,"instanceHeartBeatTimeOut":15000}]
[gateway-service] [] 2025-07-20 20:40:57  INFO naming:144 - current ips:(1) service: DEFAULT_GROUP@@damai-customize-service -> [{"ip":"192.168.0.14","port":6094,"weight":1.0,"healthy":true,"enabled":true,"ephemeral":true,"clusterName":"DEFAULT","serviceName":"DEFAULT_GROUP@@damai-customize-service","metadata":{"preserved.register.source":"SPRING_CLOUD"},"ipDeleteTimeout":30000,"instanceHeartBeatInterval":5000,"instanceHeartBeatTimeOut":15000}]
[gateway-service] [] 2025-07-20 20:40:57  INFO client:63 - [5bc3e0ef-8c97-48c3-9b97-aa0c294b8f7f] Receive server push request, request = NotifySubscriberRequest, requestId = 7
[gateway-service] [] 2025-07-20 20:40:57  INFO client:63 - [5bc3e0ef-8c97-48c3-9b97-aa0c294b8f7f] Ack server push request, request = NotifySubscriberRequest, requestId = 7
[gateway-service] [] 2025-07-20 20:40:57  INFO client:63 - [5bc3e0ef-8c97-48c3-9b97-aa0c294b8f7f] Receive server push request, request = NotifySubscriberRequest, requestId = 5
[gateway-service] [] 2025-07-20 20:40:57  INFO client:63 - [5bc3e0ef-8c97-48c3-9b97-aa0c294b8f7f] Ack server push request, request = NotifySubscriberRequest, requestId = 5
[gateway-service] [] 2025-07-20 20:40:57  INFO client:63 - [5bc3e0ef-8c97-48c3-9b97-aa0c294b8f7f] Receive server push request, request = NotifySubscriberRequest, requestId = 6
[gateway-service] [] 2025-07-20 20:40:57  INFO client:63 - [5bc3e0ef-8c97-48c3-9b97-aa0c294b8f7f] Ack server push request, request = NotifySubscriberRequest, requestId = 6
[gateway-service] [] 2025-07-20 20:41:27  INFO naming:164 - [SUBSCRIBE-SERVICE] service:damai-pay-service, group:DEFAULT_GROUP, clusters: 
[gateway-service] [] 2025-07-20 20:41:27  INFO naming:377 - [GRPC-SUBSCRIBE] service:damai-pay-service, group:DEFAULT_GROUP, cluster: 
[gateway-service] [] 2025-07-20 20:41:27  INFO naming:164 - [SUBSCRIBE-SERVICE] service:damai-pay-service, group:DEFAULT_GROUP, clusters: 
[gateway-service] [] 2025-07-20 20:41:27  INFO naming:377 - [GRPC-SUBSCRIBE] service:damai-pay-service, group:DEFAULT_GROUP, cluster: 
[gateway-service] [] 2025-07-20 20:41:27  INFO naming:164 - [SUBSCRIBE-SERVICE] service:damai-pay-service, group:DEFAULT_GROUP, clusters: 
[gateway-service] [] 2025-07-20 20:41:27  INFO naming:377 - [GRPC-SUBSCRIBE] service:damai-pay-service, group:DEFAULT_GROUP, cluster: 
[gateway-service] [] 2025-07-20 20:41:27  INFO naming:164 - [SUBSCRIBE-SERVICE] service:damai-pay-service, group:DEFAULT_GROUP, clusters: 
[gateway-service] [] 2025-07-20 20:41:27  INFO naming:377 - [GRPC-SUBSCRIBE] service:damai-pay-service, group:DEFAULT_GROUP, cluster: 
[gateway-service] [] 2025-07-20 20:41:27  INFO naming:169 - init new ips(1) service: DEFAULT_GROUP@@damai-pay-service -> [{"ip":"192.168.0.14","port":6087,"weight":1.0,"healthy":true,"enabled":true,"ephemeral":true,"clusterName":"DEFAULT","serviceName":"DEFAULT_GROUP@@damai-pay-service","metadata":{"preserved.register.source":"SPRING_CLOUD"},"ipDeleteTimeout":30000,"instanceHeartBeatInterval":5000,"instanceHeartBeatTimeOut":15000}]
[gateway-service] [] 2025-07-20 20:41:27  INFO naming:144 - current ips:(1) service: DEFAULT_GROUP@@damai-pay-service -> [{"ip":"192.168.0.14","port":6087,"weight":1.0,"healthy":true,"enabled":true,"ephemeral":true,"clusterName":"DEFAULT","serviceName":"DEFAULT_GROUP@@damai-pay-service","metadata":{"preserved.register.source":"SPRING_CLOUD"},"ipDeleteTimeout":30000,"instanceHeartBeatInterval":5000,"instanceHeartBeatTimeOut":15000}]
[gateway-service] [] 2025-07-20 20:41:27  INFO client:63 - [5bc3e0ef-8c97-48c3-9b97-aa0c294b8f7f] Receive server push request, request = NotifySubscriberRequest, requestId = 8
[gateway-service] [] 2025-07-20 20:41:27  INFO client:63 - [5bc3e0ef-8c97-48c3-9b97-aa0c294b8f7f] Ack server push request, request = NotifySubscriberRequest, requestId = 8
[gateway-service] [1267202784692854784] 2025-07-20 20:41:46  INFO RequestValidationFilter:141 - current thread readBody : reactor-http-nio-5
[gateway-service] [] 2025-07-20 20:41:46  INFO FeignClientFactoryBean:468 - For 'damai-base-data-service' URL not provided. Will try picking an instance via load-balancing.
[gateway-service] [1267202784692854784] 2025-07-20 20:41:47  INFO RequestValidationFilter:221 - /damai/program/program/category/selectByType是否跳过登录验证: true
[gateway-service] [1267202784692854784] 2025-07-20 20:41:47  INFO RequestValidationFilter:269 - current thread getHeaders: reactor-http-nio-5
[gateway-service] [1267202784692854788] 2025-07-20 20:41:48  INFO RequestValidationFilter:141 - current thread readBody : reactor-http-nio-13
[gateway-service] [1267202784692854788] 2025-07-20 20:41:48  INFO RequestValidationFilter:221 - /damai/program/program/home/list是否跳过登录验证: true
[gateway-service] [1267202784692854788] 2025-07-20 20:41:48  INFO RequestValidationFilter:269 - current thread getHeaders: reactor-http-nio-13
[gateway-service] [1267202784692854792] 2025-07-20 20:42:13  INFO RequestValidationFilter:141 - current thread readBody : reactor-http-nio-17
[gateway-service] [1267202784692854792] 2025-07-20 20:42:13  INFO RequestValidationFilter:221 - /damai/user/user/login是否跳过登录验证: true
[gateway-service] [1267202784692854792] 2025-07-20 20:42:13  INFO RequestValidationFilter:269 - current thread getHeaders: reactor-http-nio-17
[gateway-service] [1267202784692854793] 2025-07-20 20:42:15  INFO RequestValidationFilter:141 - current thread readBody : reactor-http-nio-19
[gateway-service] [1267202784692854793] 2025-07-20 20:42:15  INFO RequestValidationFilter:221 - /damai/user/user/get/id是否跳过登录验证: true
[gateway-service] [1267202784692854793] 2025-07-20 20:42:15  INFO RequestValidationFilter:269 - current thread getHeaders: reactor-http-nio-19
[gateway-service] [1267202784692854796] 2025-07-20 20:42:15  INFO RequestValidationFilter:141 - current thread readBody : reactor-http-nio-3
[gateway-service] [1267202784692854796] 2025-07-20 20:42:15  INFO RequestValidationFilter:221 - /damai/program/program/category/selectByType是否跳过登录验证: true
[gateway-service] [1267202784692854796] 2025-07-20 20:42:15  INFO RequestValidationFilter:269 - current thread getHeaders: reactor-http-nio-3
[gateway-service] [1267202784692854798] 2025-07-20 20:42:15  INFO RequestValidationFilter:141 - current thread readBody : reactor-http-nio-4
[gateway-service] [1267202784692854798] 2025-07-20 20:42:15  INFO RequestValidationFilter:221 - /damai/program/program/home/list是否跳过登录验证: true
[gateway-service] [1267202784692854798] 2025-07-20 20:42:15  INFO RequestValidationFilter:269 - current thread getHeaders: reactor-http-nio-4
[gateway-service] [1267202784692854800] 2025-07-20 20:42:20  INFO RequestValidationFilter:141 - current thread readBody : reactor-http-nio-5
[gateway-service] [1267202784692854803] 2025-07-20 20:42:20  INFO RequestValidationFilter:141 - current thread readBody : reactor-http-nio-9
[gateway-service] [1267202784692854803] 2025-07-20 20:42:20  INFO RequestValidationFilter:221 - /damai/order/order/select/list是否跳过登录验证: false
[gateway-service] [1267202784692854800] 2025-07-20 20:42:20  INFO RequestValidationFilter:221 - /damai/user/user/get/id是否跳过登录验证: true
[gateway-service] [1267202784692854800] 2025-07-20 20:42:20  INFO RequestValidationFilter:269 - current thread getHeaders: reactor-http-nio-5
[gateway-service] [1267202784692854803] 2025-07-20 20:42:20  INFO RequestValidationFilter:269 - current thread getHeaders: reactor-http-nio-9
[gateway-service] [1267202784692854804] 2025-07-20 20:42:26  INFO RequestValidationFilter:141 - current thread readBody : reactor-http-nio-12
[gateway-service] [1267202784692854808] 2025-07-20 20:42:26  INFO RequestValidationFilter:141 - current thread readBody : reactor-http-nio-15
[gateway-service] [1267202784692854804] 2025-07-20 20:42:26  INFO RequestValidationFilter:221 - /damai/user/user/get/id是否跳过登录验证: true
[gateway-service] [1267202784692854804] 2025-07-20 20:42:26  INFO RequestValidationFilter:269 - current thread getHeaders: reactor-http-nio-12
[gateway-service] [1267202784692854808] 2025-07-20 20:42:26  INFO RequestValidationFilter:221 - /damai/program/program/category/selectByType是否跳过登录验证: true
[gateway-service] [1267202784692854808] 2025-07-20 20:42:26  INFO RequestValidationFilter:269 - current thread getHeaders: reactor-http-nio-15
[gateway-service] [1267202784692854809] 2025-07-20 20:42:26  INFO RequestValidationFilter:141 - current thread readBody : reactor-http-nio-16
[gateway-service] [1267202784692854809] 2025-07-20 20:42:26  INFO RequestValidationFilter:221 - /damai/program/program/home/list是否跳过登录验证: true
[gateway-service] [1267202784692854809] 2025-07-20 20:42:26  INFO RequestValidationFilter:269 - current thread getHeaders: reactor-http-nio-16
[gateway-service] [1267202784692854811] 2025-07-20 20:42:31  INFO RequestValidationFilter:141 - current thread readBody : reactor-http-nio-19
[gateway-service] [1267202784692854814] 2025-07-20 20:42:31  INFO RequestValidationFilter:141 - current thread readBody : reactor-http-nio-18
[gateway-service] [1267202784692854815] 2025-07-20 20:42:31  INFO RequestValidationFilter:141 - current thread readBody : reactor-http-nio-17
[gateway-service] [1267202784692854815] 2025-07-20 20:42:31  INFO RequestValidationFilter:221 - /damai/program/program/detail是否跳过登录验证: true
[gateway-service] [1267202784692854811] 2025-07-20 20:42:31  INFO RequestValidationFilter:221 - /damai/user/user/get/id是否跳过登录验证: true
[gateway-service] [1267202784692854814] 2025-07-20 20:42:31  INFO RequestValidationFilter:221 - /damai/program/program/recommend/list是否跳过登录验证: true
[gateway-service] [1267202784692854814] 2025-07-20 20:42:31  INFO RequestValidationFilter:269 - current thread getHeaders: reactor-http-nio-18
[gateway-service] [1267202784692854811] 2025-07-20 20:42:31  INFO RequestValidationFilter:269 - current thread getHeaders: reactor-http-nio-19
[gateway-service] [1267202784692854815] 2025-07-20 20:42:31  INFO RequestValidationFilter:269 - current thread getHeaders: reactor-http-nio-17
[gateway-service] [1267202784692854816] 2025-07-20 20:42:35  INFO RequestValidationFilter:141 - current thread readBody : reactor-http-nio-3
[gateway-service] [1267202784692854817] 2025-07-20 20:42:35  INFO RequestValidationFilter:141 - current thread readBody : reactor-http-nio-4
[gateway-service] [1267202784692854817] 2025-07-20 20:42:35  INFO RequestValidationFilter:221 - /damai/user/ticket/user/list是否跳过登录验证: false
[gateway-service] [1267202784692854816] 2025-07-20 20:42:35  INFO RequestValidationFilter:221 - /damai/user/user/get/id是否跳过登录验证: true
[gateway-service] [1267202784692854816] 2025-07-20 20:42:35  INFO RequestValidationFilter:269 - current thread getHeaders: reactor-http-nio-3
[gateway-service] [1267202784692854817] 2025-07-20 20:42:35  INFO RequestValidationFilter:269 - current thread getHeaders: reactor-http-nio-4
[gateway-service] [1267202784692854818] 2025-07-20 20:42:42  INFO RequestValidationFilter:141 - current thread readBody : reactor-http-nio-5
[gateway-service] [1267202784692854818] 2025-07-20 20:42:42  INFO RequestValidationFilter:221 - /damai/program/program/order/create/v4是否跳过登录验证: false
[gateway-service] [1267202784692854818] 2025-07-20 20:42:42  INFO RequestValidationFilter:269 - current thread getHeaders: reactor-http-nio-5
[gateway-service] [1267202784692854819] 2025-07-20 20:42:43  INFO RequestValidationFilter:141 - current thread readBody : reactor-http-nio-6
[gateway-service] [1267202784692854819] 2025-07-20 20:42:43  INFO RequestValidationFilter:221 - /damai/order/order/get/cache是否跳过登录验证: true
[gateway-service] [1267202784692854819] 2025-07-20 20:42:43  INFO RequestValidationFilter:269 - current thread getHeaders: reactor-http-nio-6
[gateway-service] [1267202784692854820] 2025-07-20 20:42:43  INFO RequestValidationFilter:141 - current thread readBody : reactor-http-nio-7
[gateway-service] [1267202784692854820] 2025-07-20 20:42:43  INFO RequestValidationFilter:221 - /damai/order/order/get/cache是否跳过登录验证: true
[gateway-service] [1267202784692854820] 2025-07-20 20:42:43  INFO RequestValidationFilter:269 - current thread getHeaders: reactor-http-nio-7
[gateway-service] [1267202784692854821] 2025-07-20 20:42:43  INFO RequestValidationFilter:141 - current thread readBody : reactor-http-nio-8
[gateway-service] [1267202784692854821] 2025-07-20 20:42:43  INFO RequestValidationFilter:221 - /damai/order/order/get/cache是否跳过登录验证: true
[gateway-service] [1267202784692854821] 2025-07-20 20:42:43  INFO RequestValidationFilter:269 - current thread getHeaders: reactor-http-nio-8
[gateway-service] [1267202784692854822] 2025-07-20 20:42:43  INFO RequestValidationFilter:141 - current thread readBody : reactor-http-nio-9
[gateway-service] [1267202784692854822] 2025-07-20 20:42:43  INFO RequestValidationFilter:221 - /damai/order/order/get/cache是否跳过登录验证: true
[gateway-service] [1267202784692854822] 2025-07-20 20:42:43  INFO RequestValidationFilter:269 - current thread getHeaders: reactor-http-nio-9
[gateway-service] [1267202784692854823] 2025-07-20 20:42:44  INFO RequestValidationFilter:141 - current thread readBody : reactor-http-nio-10
[gateway-service] [1267202784692854823] 2025-07-20 20:42:44  INFO RequestValidationFilter:221 - /damai/order/order/get/cache是否跳过登录验证: true
[gateway-service] [1267202784692854823] 2025-07-20 20:42:44  INFO RequestValidationFilter:269 - current thread getHeaders: reactor-http-nio-10
[gateway-service] [1267202784692854824] 2025-07-20 20:42:44  INFO RequestValidationFilter:141 - current thread readBody : reactor-http-nio-12
[gateway-service] [1267202784692854824] 2025-07-20 20:42:44  INFO RequestValidationFilter:221 - /damai/order/order/get/cache是否跳过登录验证: true
[gateway-service] [1267202784692854824] 2025-07-20 20:42:44  INFO RequestValidationFilter:269 - current thread getHeaders: reactor-http-nio-12
[gateway-service] [1267202784692854825] 2025-07-20 20:42:44  INFO RequestValidationFilter:141 - current thread readBody : reactor-http-nio-11
[gateway-service] [1267202784692854825] 2025-07-20 20:42:44  INFO RequestValidationFilter:221 - /damai/order/order/get/cache是否跳过登录验证: true
[gateway-service] [1267202784692854825] 2025-07-20 20:42:44  INFO RequestValidationFilter:269 - current thread getHeaders: reactor-http-nio-11
[gateway-service] [1267202784692854826] 2025-07-20 20:42:44  INFO RequestValidationFilter:141 - current thread readBody : reactor-http-nio-13
[gateway-service] [1267202784692854826] 2025-07-20 20:42:44  INFO RequestValidationFilter:221 - /damai/order/order/get/cache是否跳过登录验证: true
[gateway-service] [1267202784692854826] 2025-07-20 20:42:44  INFO RequestValidationFilter:269 - current thread getHeaders: reactor-http-nio-13
[gateway-service] [1267202784692854827] 2025-07-20 20:42:44  INFO RequestValidationFilter:141 - current thread readBody : reactor-http-nio-14
[gateway-service] [1267202784692854827] 2025-07-20 20:42:44  INFO RequestValidationFilter:221 - /damai/order/order/get/cache是否跳过登录验证: true
[gateway-service] [1267202784692854827] 2025-07-20 20:42:44  INFO RequestValidationFilter:269 - current thread getHeaders: reactor-http-nio-14
[gateway-service] [1267202784692854828] 2025-07-20 20:42:45  INFO RequestValidationFilter:141 - current thread readBody : reactor-http-nio-15
[gateway-service] [1267202784692854828] 2025-07-20 20:42:45  INFO RequestValidationFilter:221 - /damai/order/order/get/cache是否跳过登录验证: true
[gateway-service] [1267202784692854828] 2025-07-20 20:42:45  INFO RequestValidationFilter:269 - current thread getHeaders: reactor-http-nio-15
[gateway-service] [1267202784692854829] 2025-07-20 20:42:45  INFO RequestValidationFilter:141 - current thread readBody : reactor-http-nio-16
[gateway-service] [1267202784692854829] 2025-07-20 20:42:45  INFO RequestValidationFilter:221 - /damai/order/order/get/cache是否跳过登录验证: true
[gateway-service] [1267202784692854829] 2025-07-20 20:42:45  INFO RequestValidationFilter:269 - current thread getHeaders: reactor-http-nio-16
[gateway-service] [1267202784692854830] 2025-07-20 20:42:45  INFO RequestValidationFilter:141 - current thread readBody : reactor-http-nio-17
[gateway-service] [1267202784692854830] 2025-07-20 20:42:45  INFO RequestValidationFilter:221 - /damai/order/order/get/cache是否跳过登录验证: true
[gateway-service] [1267202784692854830] 2025-07-20 20:42:45  INFO RequestValidationFilter:269 - current thread getHeaders: reactor-http-nio-17
[gateway-service] [1267202784692854831] 2025-07-20 20:42:45  INFO RequestValidationFilter:141 - current thread readBody : reactor-http-nio-18
[gateway-service] [1267202784692854831] 2025-07-20 20:42:45  INFO RequestValidationFilter:221 - /damai/order/order/get/cache是否跳过登录验证: true
[gateway-service] [1267202784692854831] 2025-07-20 20:42:45  INFO RequestValidationFilter:269 - current thread getHeaders: reactor-http-nio-18
[gateway-service] [1267202784692854832] 2025-07-20 20:42:45  INFO RequestValidationFilter:141 - current thread readBody : reactor-http-nio-19
[gateway-service] [1267202784692854832] 2025-07-20 20:42:45  INFO RequestValidationFilter:221 - /damai/order/order/get/cache是否跳过登录验证: true
[gateway-service] [1267202784692854832] 2025-07-20 20:42:45  INFO RequestValidationFilter:269 - current thread getHeaders: reactor-http-nio-19
[gateway-service] [1267202784692854833] 2025-07-20 20:42:46  INFO RequestValidationFilter:141 - current thread readBody : reactor-http-nio-20
[gateway-service] [1267202784692854833] 2025-07-20 20:42:46  INFO RequestValidationFilter:221 - /damai/order/order/get/cache是否跳过登录验证: true
[gateway-service] [1267202784692854833] 2025-07-20 20:42:46  INFO RequestValidationFilter:269 - current thread getHeaders: reactor-http-nio-20
[gateway-service] [1267202784692854834] 2025-07-20 20:42:46  INFO RequestValidationFilter:141 - current thread readBody : reactor-http-nio-1
[gateway-service] [1267202784692854834] 2025-07-20 20:42:46  INFO RequestValidationFilter:221 - /damai/order/order/get/cache是否跳过登录验证: true
[gateway-service] [1267202784692854834] 2025-07-20 20:42:46  INFO RequestValidationFilter:269 - current thread getHeaders: reactor-http-nio-1
[gateway-service] [1267202784692854835] 2025-07-20 20:42:46  INFO RequestValidationFilter:141 - current thread readBody : reactor-http-nio-2
[gateway-service] [1267202784692854835] 2025-07-20 20:42:46  INFO RequestValidationFilter:221 - /damai/order/order/get/cache是否跳过登录验证: true
[gateway-service] [1267202784692854835] 2025-07-20 20:42:46  INFO RequestValidationFilter:269 - current thread getHeaders: reactor-http-nio-2
[gateway-service] [1267202784692854836] 2025-07-20 20:42:46  INFO RequestValidationFilter:141 - current thread readBody : reactor-http-nio-3
[gateway-service] [1267202784692854836] 2025-07-20 20:42:46  INFO RequestValidationFilter:221 - /damai/order/order/get/cache是否跳过登录验证: true
[gateway-service] [1267202784692854836] 2025-07-20 20:42:46  INFO RequestValidationFilter:269 - current thread getHeaders: reactor-http-nio-3
[gateway-service] [1267202784692854837] 2025-07-20 20:42:46  INFO RequestValidationFilter:141 - current thread readBody : reactor-http-nio-4
[gateway-service] [1267202784692854837] 2025-07-20 20:42:46  INFO RequestValidationFilter:221 - /damai/order/order/get/cache是否跳过登录验证: true
[gateway-service] [1267202784692854837] 2025-07-20 20:42:46  INFO RequestValidationFilter:269 - current thread getHeaders: reactor-http-nio-4
[gateway-service] [1267202784692854838] 2025-07-20 20:42:47  INFO RequestValidationFilter:141 - current thread readBody : reactor-http-nio-5
[gateway-service] [1267202784692854838] 2025-07-20 20:42:47  INFO RequestValidationFilter:221 - /damai/order/order/get/cache是否跳过登录验证: true
[gateway-service] [1267202784692854838] 2025-07-20 20:42:47  INFO RequestValidationFilter:269 - current thread getHeaders: reactor-http-nio-5
[gateway-service] [1267202784692854839] 2025-07-20 20:42:47  INFO RequestValidationFilter:141 - current thread readBody : reactor-http-nio-6
[gateway-service] [1267202784692854839] 2025-07-20 20:42:47  INFO RequestValidationFilter:221 - /damai/order/order/get/cache是否跳过登录验证: true
[gateway-service] [1267202784692854839] 2025-07-20 20:42:47  INFO RequestValidationFilter:269 - current thread getHeaders: reactor-http-nio-6
[gateway-service] [1267202784692854840] 2025-07-20 20:42:47  INFO RequestValidationFilter:141 - current thread readBody : reactor-http-nio-7
[gateway-service] [1267202784692854840] 2025-07-20 20:42:47  INFO RequestValidationFilter:221 - /damai/order/order/get/cache是否跳过登录验证: true
[gateway-service] [1267202784692854840] 2025-07-20 20:42:47  INFO RequestValidationFilter:269 - current thread getHeaders: reactor-http-nio-7
[gateway-service] [1267202784692854841] 2025-07-20 20:42:47  INFO RequestValidationFilter:141 - current thread readBody : reactor-http-nio-8
[gateway-service] [1267202784692854841] 2025-07-20 20:42:47  INFO RequestValidationFilter:221 - /damai/order/order/get/cache是否跳过登录验证: true
[gateway-service] [1267202784692854841] 2025-07-20 20:42:47  INFO RequestValidationFilter:269 - current thread getHeaders: reactor-http-nio-8
[gateway-service] [1267202784692854842] 2025-07-20 20:42:47  INFO RequestValidationFilter:141 - current thread readBody : reactor-http-nio-9
[gateway-service] [1267202784692854842] 2025-07-20 20:42:47  INFO RequestValidationFilter:221 - /damai/order/order/get/cache是否跳过登录验证: true
[gateway-service] [1267202784692854842] 2025-07-20 20:42:47  INFO RequestValidationFilter:269 - current thread getHeaders: reactor-http-nio-9
[gateway-service] [1267202784692854846] 2025-07-20 20:43:41  INFO RequestValidationFilter:141 - current thread readBody : reactor-http-nio-14
[gateway-service] [1267202784692854847] 2025-07-20 20:43:41  INFO RequestValidationFilter:141 - current thread readBody : reactor-http-nio-10
[gateway-service] [1267202784692854846] 2025-07-20 20:43:41  INFO RequestValidationFilter:221 - /damai/program/program/category/selectByType是否跳过登录验证: true
[gateway-service] [1267202784692854846] 2025-07-20 20:43:41  INFO RequestValidationFilter:269 - current thread getHeaders: reactor-http-nio-14
[gateway-service] [1267202784692854847] 2025-07-20 20:43:41  INFO RequestValidationFilter:221 - /damai/user/user/get/id是否跳过登录验证: true
[gateway-service] [1267202784692854847] 2025-07-20 20:43:41  INFO RequestValidationFilter:269 - current thread getHeaders: reactor-http-nio-10
[gateway-service] [1267202784692854848] 2025-07-20 20:43:41  INFO RequestValidationFilter:141 - current thread readBody : reactor-http-nio-19
[gateway-service] [1267202784692854848] 2025-07-20 20:43:41  INFO RequestValidationFilter:221 - /damai/program/program/home/list是否跳过登录验证: true
[gateway-service] [1267202784692854848] 2025-07-20 20:43:41  INFO RequestValidationFilter:269 - current thread getHeaders: reactor-http-nio-19
[gateway-service] [1267202784692854849] 2025-07-20 20:43:45  INFO RequestValidationFilter:141 - current thread readBody : reactor-http-nio-20
[gateway-service] [1267202784692854851] 2025-07-20 20:43:45  INFO RequestValidationFilter:141 - current thread readBody : reactor-http-nio-1
[gateway-service] [1267202784692854853] 2025-07-20 20:43:45  INFO RequestValidationFilter:141 - current thread readBody : reactor-http-nio-2
[gateway-service] [1267202784692854851] 2025-07-20 20:43:45  INFO RequestValidationFilter:221 - /damai/program/program/recommend/list是否跳过登录验证: true
[gateway-service] [1267202784692854849] 2025-07-20 20:43:45  INFO RequestValidationFilter:221 - /damai/program/program/detail是否跳过登录验证: true
[gateway-service] [1267202784692854853] 2025-07-20 20:43:45  INFO RequestValidationFilter:221 - /damai/user/user/get/id是否跳过登录验证: true
[gateway-service] [1267202784692854851] 2025-07-20 20:43:45  INFO RequestValidationFilter:269 - current thread getHeaders: reactor-http-nio-1
[gateway-service] [1267202784692854853] 2025-07-20 20:43:45  INFO RequestValidationFilter:269 - current thread getHeaders: reactor-http-nio-2
[gateway-service] [1267202784692854849] 2025-07-20 20:43:45  INFO RequestValidationFilter:269 - current thread getHeaders: reactor-http-nio-20
[gateway-service] [1267202784692854856] 2025-07-20 20:43:46  INFO RequestValidationFilter:141 - current thread readBody : reactor-http-nio-6
[gateway-service] [1267202784692854855] 2025-07-20 20:43:46  INFO RequestValidationFilter:141 - current thread readBody : reactor-http-nio-7
[gateway-service] [1267202784692854855] 2025-07-20 20:43:46  INFO RequestValidationFilter:221 - /damai/user/ticket/user/list是否跳过登录验证: false
[gateway-service] [1267202784692854856] 2025-07-20 20:43:46  INFO RequestValidationFilter:221 - /damai/user/user/get/id是否跳过登录验证: true
[gateway-service] [1267202784692854856] 2025-07-20 20:43:46  INFO RequestValidationFilter:269 - current thread getHeaders: reactor-http-nio-6
[gateway-service] [1267202784692854855] 2025-07-20 20:43:46  INFO RequestValidationFilter:269 - current thread getHeaders: reactor-http-nio-7
[gateway-service] [1267202784692854857] 2025-07-20 20:43:51  INFO RequestValidationFilter:141 - current thread readBody : reactor-http-nio-8
[gateway-service] [1267202784692854857] 2025-07-20 20:43:51  INFO RequestValidationFilter:221 - /damai/program/program/order/create/v4是否跳过登录验证: false
[gateway-service] [1267202784692854857] 2025-07-20 20:43:51  INFO RequestValidationFilter:269 - current thread getHeaders: reactor-http-nio-8
[gateway-service] [1267202784692854858] 2025-07-20 20:43:52  INFO RequestValidationFilter:141 - current thread readBody : reactor-http-nio-9
[gateway-service] [1267202784692854858] 2025-07-20 20:43:52  INFO RequestValidationFilter:221 - /damai/order/order/get/cache是否跳过登录验证: true
[gateway-service] [1267202784692854858] 2025-07-20 20:43:52  INFO RequestValidationFilter:269 - current thread getHeaders: reactor-http-nio-9
[gateway-service] [1267202784692854859] 2025-07-20 20:43:52  INFO RequestValidationFilter:141 - current thread readBody : reactor-http-nio-12
[gateway-service] [1267202784692854859] 2025-07-20 20:43:52  INFO RequestValidationFilter:221 - /damai/order/order/get/cache是否跳过登录验证: true
[gateway-service] [1267202784692854859] 2025-07-20 20:43:52  INFO RequestValidationFilter:269 - current thread getHeaders: reactor-http-nio-12
[gateway-service] [1267202784692854860] 2025-07-20 20:43:52  INFO RequestValidationFilter:141 - current thread readBody : reactor-http-nio-11
[gateway-service] [1267202784692854860] 2025-07-20 20:43:52  INFO RequestValidationFilter:221 - /damai/order/order/get/cache是否跳过登录验证: true
[gateway-service] [1267202784692854860] 2025-07-20 20:43:52  INFO RequestValidationFilter:269 - current thread getHeaders: reactor-http-nio-11
[gateway-service] [1267202784692854861] 2025-07-20 20:43:52  INFO RequestValidationFilter:141 - current thread readBody : reactor-http-nio-13
[gateway-service] [1267202784692854861] 2025-07-20 20:43:52  INFO RequestValidationFilter:221 - /damai/order/order/get/cache是否跳过登录验证: true
[gateway-service] [1267202784692854861] 2025-07-20 20:43:52  INFO RequestValidationFilter:269 - current thread getHeaders: reactor-http-nio-13
[gateway-service] [1267202784692854862] 2025-07-20 20:43:52  INFO RequestValidationFilter:141 - current thread readBody : reactor-http-nio-14
[gateway-service] [1267202784692854862] 2025-07-20 20:43:52  INFO RequestValidationFilter:221 - /damai/order/order/get/cache是否跳过登录验证: true
[gateway-service] [1267202784692854862] 2025-07-20 20:43:52  INFO RequestValidationFilter:269 - current thread getHeaders: reactor-http-nio-14
[gateway-service] [1267202784692854863] 2025-07-20 20:43:53  INFO RequestValidationFilter:141 - current thread readBody : reactor-http-nio-15
[gateway-service] [1267202784692854863] 2025-07-20 20:43:53  INFO RequestValidationFilter:221 - /damai/order/order/get/cache是否跳过登录验证: true
[gateway-service] [1267202784692854863] 2025-07-20 20:43:53  INFO RequestValidationFilter:269 - current thread getHeaders: reactor-http-nio-15
[gateway-service] [1267202784692854864] 2025-07-20 20:43:53  INFO RequestValidationFilter:141 - current thread readBody : reactor-http-nio-16
[gateway-service] [1267202784692854864] 2025-07-20 20:43:53  INFO RequestValidationFilter:221 - /damai/order/order/get/cache是否跳过登录验证: true
[gateway-service] [1267202784692854864] 2025-07-20 20:43:53  INFO RequestValidationFilter:269 - current thread getHeaders: reactor-http-nio-16
[gateway-service] [1267202784692854865] 2025-07-20 20:43:53  INFO RequestValidationFilter:141 - current thread readBody : reactor-http-nio-17
[gateway-service] [1267202784692854865] 2025-07-20 20:43:53  INFO RequestValidationFilter:221 - /damai/order/order/get/cache是否跳过登录验证: true
[gateway-service] [1267202784692854865] 2025-07-20 20:43:53  INFO RequestValidationFilter:269 - current thread getHeaders: reactor-http-nio-17
[gateway-service] [1267202784692854866] 2025-07-20 20:43:53  INFO RequestValidationFilter:141 - current thread readBody : reactor-http-nio-18
[gateway-service] [1267202784692854866] 2025-07-20 20:43:53  INFO RequestValidationFilter:221 - /damai/order/order/get/cache是否跳过登录验证: true
[gateway-service] [1267202784692854866] 2025-07-20 20:43:53  INFO RequestValidationFilter:269 - current thread getHeaders: reactor-http-nio-18
[gateway-service] [1267202784692854867] 2025-07-20 20:43:53  INFO RequestValidationFilter:141 - current thread readBody : reactor-http-nio-19
[gateway-service] [1267202784692854867] 2025-07-20 20:43:53  INFO RequestValidationFilter:221 - /damai/order/order/get/cache是否跳过登录验证: true
[gateway-service] [1267202784692854867] 2025-07-20 20:43:53  INFO RequestValidationFilter:269 - current thread getHeaders: reactor-http-nio-19
[gateway-service] [1267202784692854868] 2025-07-20 20:43:54  INFO RequestValidationFilter:141 - current thread readBody : reactor-http-nio-20
[gateway-service] [1267202784692854868] 2025-07-20 20:43:54  INFO RequestValidationFilter:221 - /damai/order/order/get/cache是否跳过登录验证: true
[gateway-service] [1267202784692854868] 2025-07-20 20:43:54  INFO RequestValidationFilter:269 - current thread getHeaders: reactor-http-nio-20
[gateway-service] [1267202784692854869] 2025-07-20 20:43:54  INFO RequestValidationFilter:141 - current thread readBody : reactor-http-nio-1
[gateway-service] [1267202784692854869] 2025-07-20 20:43:54  INFO RequestValidationFilter:221 - /damai/order/order/get/cache是否跳过登录验证: true
[gateway-service] [1267202784692854869] 2025-07-20 20:43:54  INFO RequestValidationFilter:269 - current thread getHeaders: reactor-http-nio-1
[gateway-service] [1267202784692854870] 2025-07-20 20:43:54  INFO RequestValidationFilter:141 - current thread readBody : reactor-http-nio-2
[gateway-service] [1267202784692854870] 2025-07-20 20:43:54  INFO RequestValidationFilter:221 - /damai/order/order/get/cache是否跳过登录验证: true
[gateway-service] [1267202784692854870] 2025-07-20 20:43:54  INFO RequestValidationFilter:269 - current thread getHeaders: reactor-http-nio-2
[gateway-service] [1267202784692854871] 2025-07-20 20:43:54  INFO RequestValidationFilter:141 - current thread readBody : reactor-http-nio-3
[gateway-service] [1267202784692854871] 2025-07-20 20:43:54  INFO RequestValidationFilter:221 - /damai/order/order/get/cache是否跳过登录验证: true
[gateway-service] [1267202784692854871] 2025-07-20 20:43:54  INFO RequestValidationFilter:269 - current thread getHeaders: reactor-http-nio-3
[gateway-service] [1267202784692854872] 2025-07-20 20:43:54  INFO RequestValidationFilter:141 - current thread readBody : reactor-http-nio-4
[gateway-service] [1267202784692854872] 2025-07-20 20:43:54  INFO RequestValidationFilter:221 - /damai/order/order/get/cache是否跳过登录验证: true
[gateway-service] [1267202784692854872] 2025-07-20 20:43:54  INFO RequestValidationFilter:269 - current thread getHeaders: reactor-http-nio-4
[gateway-service] [1267202784692854873] 2025-07-20 20:43:55  INFO RequestValidationFilter:141 - current thread readBody : reactor-http-nio-5
[gateway-service] [1267202784692854873] 2025-07-20 20:43:55  INFO RequestValidationFilter:221 - /damai/order/order/get/cache是否跳过登录验证: true
[gateway-service] [1267202784692854873] 2025-07-20 20:43:55  INFO RequestValidationFilter:269 - current thread getHeaders: reactor-http-nio-5
[gateway-service] [1267202784692854874] 2025-07-20 20:43:55  INFO RequestValidationFilter:141 - current thread readBody : reactor-http-nio-6
[gateway-service] [1267202784692854874] 2025-07-20 20:43:55  INFO RequestValidationFilter:221 - /damai/order/order/get/cache是否跳过登录验证: true
[gateway-service] [1267202784692854874] 2025-07-20 20:43:55  INFO RequestValidationFilter:269 - current thread getHeaders: reactor-http-nio-6
[gateway-service] [1267202784692854875] 2025-07-20 20:43:55  INFO RequestValidationFilter:141 - current thread readBody : reactor-http-nio-7
[gateway-service] [1267202784692854875] 2025-07-20 20:43:55  INFO RequestValidationFilter:221 - /damai/order/order/get/cache是否跳过登录验证: true
[gateway-service] [1267202784692854875] 2025-07-20 20:43:55  INFO RequestValidationFilter:269 - current thread getHeaders: reactor-http-nio-7
[gateway-service] [1267202784692854876] 2025-07-20 20:43:55  INFO RequestValidationFilter:141 - current thread readBody : reactor-http-nio-8
[gateway-service] [1267202784692854876] 2025-07-20 20:43:55  INFO RequestValidationFilter:221 - /damai/order/order/get/cache是否跳过登录验证: true
[gateway-service] [1267202784692854876] 2025-07-20 20:43:55  INFO RequestValidationFilter:269 - current thread getHeaders: reactor-http-nio-8
[gateway-service] [1267202784692854877] 2025-07-20 20:43:55  INFO RequestValidationFilter:141 - current thread readBody : reactor-http-nio-9
[gateway-service] [1267202784692854877] 2025-07-20 20:43:55  INFO RequestValidationFilter:221 - /damai/order/order/get/cache是否跳过登录验证: true
[gateway-service] [1267202784692854877] 2025-07-20 20:43:55  INFO RequestValidationFilter:269 - current thread getHeaders: reactor-http-nio-9
[gateway-service] [1267202784692854878] 2025-07-20 20:43:56  INFO RequestValidationFilter:141 - current thread readBody : reactor-http-nio-10
[gateway-service] [1267202784692854878] 2025-07-20 20:43:56  INFO RequestValidationFilter:221 - /damai/order/order/get/cache是否跳过登录验证: true
[gateway-service] [1267202784692854878] 2025-07-20 20:43:56  INFO RequestValidationFilter:269 - current thread getHeaders: reactor-http-nio-10
[gateway-service] [1267202784692854879] 2025-07-20 20:43:56  INFO RequestValidationFilter:141 - current thread readBody : reactor-http-nio-12
[gateway-service] [1267202784692854879] 2025-07-20 20:43:56  INFO RequestValidationFilter:221 - /damai/order/order/get/cache是否跳过登录验证: true
[gateway-service] [1267202784692854879] 2025-07-20 20:43:56  INFO RequestValidationFilter:269 - current thread getHeaders: reactor-http-nio-12
[gateway-service] [1267202784692854880] 2025-07-20 20:43:56  INFO RequestValidationFilter:141 - current thread readBody : reactor-http-nio-11
[gateway-service] [1267202784692854880] 2025-07-20 20:43:56  INFO RequestValidationFilter:221 - /damai/order/order/get/cache是否跳过登录验证: true
[gateway-service] [1267202784692854880] 2025-07-20 20:43:56  INFO RequestValidationFilter:269 - current thread getHeaders: reactor-http-nio-11
[gateway-service] [1267202784692854881] 2025-07-20 20:43:56  INFO RequestValidationFilter:141 - current thread readBody : reactor-http-nio-13
[gateway-service] [1267202784692854881] 2025-07-20 20:43:56  INFO RequestValidationFilter:221 - /damai/order/order/get/cache是否跳过登录验证: true
[gateway-service] [1267202784692854881] 2025-07-20 20:43:56  INFO RequestValidationFilter:269 - current thread getHeaders: reactor-http-nio-13
[gateway-service] [1267202784692854882] 2025-07-20 20:44:02  INFO RequestValidationFilter:141 - current thread readBody : reactor-http-nio-18
[gateway-service] [1267202784692854883] 2025-07-20 20:44:02  INFO RequestValidationFilter:141 - current thread readBody : reactor-http-nio-14
[gateway-service] [1267202784692854883] 2025-07-20 20:44:02  INFO RequestValidationFilter:221 - /damai/user/user/get/id是否跳过登录验证: true
[gateway-service] [1267202784692854882] 2025-07-20 20:44:02  INFO RequestValidationFilter:221 - /damai/program/program/category/selectByType是否跳过登录验证: true
[gateway-service] [1267202784692854883] 2025-07-20 20:44:02  INFO RequestValidationFilter:269 - current thread getHeaders: reactor-http-nio-14
[gateway-service] [1267202784692854882] 2025-07-20 20:44:02  INFO RequestValidationFilter:269 - current thread getHeaders: reactor-http-nio-18
[gateway-service] [1267202784692854887] 2025-07-20 20:44:02  INFO RequestValidationFilter:141 - current thread readBody : reactor-http-nio-19
[gateway-service] [1267202784692854887] 2025-07-20 20:44:02  INFO RequestValidationFilter:221 - /damai/program/program/home/list是否跳过登录验证: true
[gateway-service] [1267202784692854887] 2025-07-20 20:44:02  INFO RequestValidationFilter:269 - current thread getHeaders: reactor-http-nio-19
[gateway-service] [1267202784692854888] 2025-07-20 20:44:03  INFO RequestValidationFilter:141 - current thread readBody : reactor-http-nio-2
[gateway-service] [1267202784692854892] 2025-07-20 20:44:03  INFO RequestValidationFilter:141 - current thread readBody : reactor-http-nio-1
[gateway-service] [1267202784692854889] 2025-07-20 20:44:03  INFO RequestValidationFilter:141 - current thread readBody : reactor-http-nio-20
[gateway-service] [1267202784692854889] 2025-07-20 20:44:03  INFO RequestValidationFilter:221 - /damai/program/program/detail是否跳过登录验证: true
[gateway-service] [1267202784692854892] 2025-07-20 20:44:03  INFO RequestValidationFilter:221 - /damai/program/program/recommend/list是否跳过登录验证: true
[gateway-service] [1267202784692854888] 2025-07-20 20:44:03  INFO RequestValidationFilter:221 - /damai/user/user/get/id是否跳过登录验证: true
[gateway-service] [1267202784692854892] 2025-07-20 20:44:03  INFO RequestValidationFilter:269 - current thread getHeaders: reactor-http-nio-1
[gateway-service] [1267202784692854888] 2025-07-20 20:44:03  INFO RequestValidationFilter:269 - current thread getHeaders: reactor-http-nio-2
[gateway-service] [1267202784692854889] 2025-07-20 20:44:03  INFO RequestValidationFilter:269 - current thread getHeaders: reactor-http-nio-20
[gateway-service] [1267202784692854894] 2025-07-20 20:44:05  INFO RequestValidationFilter:141 - current thread readBody : reactor-http-nio-6
[gateway-service] [1267202784692854895] 2025-07-20 20:44:05  INFO RequestValidationFilter:141 - current thread readBody : reactor-http-nio-7
[gateway-service] [1267202784692854895] 2025-07-20 20:44:05  INFO RequestValidationFilter:221 - /damai/user/ticket/user/list是否跳过登录验证: false
[gateway-service] [1267202784692854894] 2025-07-20 20:44:05  INFO RequestValidationFilter:221 - /damai/user/user/get/id是否跳过登录验证: true
[gateway-service] [1267202784692854894] 2025-07-20 20:44:05  INFO RequestValidationFilter:269 - current thread getHeaders: reactor-http-nio-6
[gateway-service] [1267202784692854895] 2025-07-20 20:44:05  INFO RequestValidationFilter:269 - current thread getHeaders: reactor-http-nio-7
[gateway-service] [1267202784692854896] 2025-07-20 20:44:08  INFO RequestValidationFilter:141 - current thread readBody : reactor-http-nio-8
[gateway-service] [1267202784692854896] 2025-07-20 20:44:08  INFO RequestValidationFilter:221 - /damai/program/program/order/create/v4是否跳过登录验证: false
[gateway-service] [1267202784692854896] 2025-07-20 20:44:08  INFO RequestValidationFilter:269 - current thread getHeaders: reactor-http-nio-8
[gateway-service] [1267202784692854897] 2025-07-20 20:44:08  INFO RequestValidationFilter:141 - current thread readBody : reactor-http-nio-9
[gateway-service] [1267202784692854897] 2025-07-20 20:44:08  INFO RequestValidationFilter:221 - /damai/order/order/get/cache是否跳过登录验证: true
[gateway-service] [1267202784692854897] 2025-07-20 20:44:08  INFO RequestValidationFilter:269 - current thread getHeaders: reactor-http-nio-9
[gateway-service] [1267202784692854898] 2025-07-20 20:44:08  INFO RequestValidationFilter:141 - current thread readBody : reactor-http-nio-10
[gateway-service] [1267202784692854898] 2025-07-20 20:44:08  INFO RequestValidationFilter:221 - /damai/order/order/get/cache是否跳过登录验证: true
[gateway-service] [1267202784692854898] 2025-07-20 20:44:08  INFO RequestValidationFilter:269 - current thread getHeaders: reactor-http-nio-10
[gateway-service] [1267202784692854899] 2025-07-20 20:44:08  INFO RequestValidationFilter:141 - current thread readBody : reactor-http-nio-12
[gateway-service] [1267202784692854899] 2025-07-20 20:44:08  INFO RequestValidationFilter:221 - /damai/order/order/get/cache是否跳过登录验证: true
[gateway-service] [1267202784692854899] 2025-07-20 20:44:08  INFO RequestValidationFilter:269 - current thread getHeaders: reactor-http-nio-12
[gateway-service] [1267202784692854900] 2025-07-20 20:44:09  INFO RequestValidationFilter:141 - current thread readBody : reactor-http-nio-11
[gateway-service] [1267202784692854900] 2025-07-20 20:44:09  INFO RequestValidationFilter:221 - /damai/order/order/get/cache是否跳过登录验证: true
[gateway-service] [1267202784692854900] 2025-07-20 20:44:09  INFO RequestValidationFilter:269 - current thread getHeaders: reactor-http-nio-11
[gateway-service] [1267202784692854901] 2025-07-20 20:44:09  INFO RequestValidationFilter:141 - current thread readBody : reactor-http-nio-13
[gateway-service] [1267202784692854901] 2025-07-20 20:44:09  INFO RequestValidationFilter:221 - /damai/order/order/get/cache是否跳过登录验证: true
[gateway-service] [1267202784692854901] 2025-07-20 20:44:09  INFO RequestValidationFilter:269 - current thread getHeaders: reactor-http-nio-13
[gateway-service] [1267202784692854902] 2025-07-20 20:44:09  INFO RequestValidationFilter:141 - current thread readBody : reactor-http-nio-14
[gateway-service] [1267202784692854902] 2025-07-20 20:44:09  INFO RequestValidationFilter:221 - /damai/order/order/get/cache是否跳过登录验证: true
[gateway-service] [1267202784692854902] 2025-07-20 20:44:09  INFO RequestValidationFilter:269 - current thread getHeaders: reactor-http-nio-14
[gateway-service] [1267202784692854903] 2025-07-20 20:44:09  INFO RequestValidationFilter:141 - current thread readBody : reactor-http-nio-15
[gateway-service] [1267202784692854903] 2025-07-20 20:44:09  INFO RequestValidationFilter:221 - /damai/order/order/get/cache是否跳过登录验证: true
[gateway-service] [1267202784692854903] 2025-07-20 20:44:09  INFO RequestValidationFilter:269 - current thread getHeaders: reactor-http-nio-15
[gateway-service] [1267202784692854904] 2025-07-20 20:44:09  INFO RequestValidationFilter:141 - current thread readBody : reactor-http-nio-16
[gateway-service] [1267202784692854904] 2025-07-20 20:44:09  INFO RequestValidationFilter:221 - /damai/order/order/get/cache是否跳过登录验证: true
[gateway-service] [1267202784692854904] 2025-07-20 20:44:09  INFO RequestValidationFilter:269 - current thread getHeaders: reactor-http-nio-16
[gateway-service] [1267202784692854905] 2025-07-20 20:44:10  INFO RequestValidationFilter:141 - current thread readBody : reactor-http-nio-17
[gateway-service] [1267202784692854905] 2025-07-20 20:44:10  INFO RequestValidationFilter:221 - /damai/order/order/get/cache是否跳过登录验证: true
[gateway-service] [1267202784692854905] 2025-07-20 20:44:10  INFO RequestValidationFilter:269 - current thread getHeaders: reactor-http-nio-17
[gateway-service] [1267202784692854906] 2025-07-20 20:44:10  INFO RequestValidationFilter:141 - current thread readBody : reactor-http-nio-18
[gateway-service] [1267202784692854906] 2025-07-20 20:44:10  INFO RequestValidationFilter:221 - /damai/order/order/get/cache是否跳过登录验证: true
[gateway-service] [1267202784692854906] 2025-07-20 20:44:10  INFO RequestValidationFilter:269 - current thread getHeaders: reactor-http-nio-18
[gateway-service] [1267202784692854907] 2025-07-20 20:44:10  INFO RequestValidationFilter:141 - current thread readBody : reactor-http-nio-19
[gateway-service] [1267202784692854907] 2025-07-20 20:44:10  INFO RequestValidationFilter:221 - /damai/order/order/get/cache是否跳过登录验证: true
[gateway-service] [1267202784692854907] 2025-07-20 20:44:10  INFO RequestValidationFilter:269 - current thread getHeaders: reactor-http-nio-19
[gateway-service] [1267202784692854908] 2025-07-20 20:44:10  INFO RequestValidationFilter:141 - current thread readBody : reactor-http-nio-20
[gateway-service] [1267202784692854908] 2025-07-20 20:44:10  INFO RequestValidationFilter:221 - /damai/order/order/get/cache是否跳过登录验证: true
[gateway-service] [1267202784692854908] 2025-07-20 20:44:10  INFO RequestValidationFilter:269 - current thread getHeaders: reactor-http-nio-20
[gateway-service] [1267202784692854909] 2025-07-20 20:44:10  INFO RequestValidationFilter:141 - current thread readBody : reactor-http-nio-1
[gateway-service] [1267202784692854909] 2025-07-20 20:44:10  INFO RequestValidationFilter:221 - /damai/order/order/get/cache是否跳过登录验证: true
[gateway-service] [1267202784692854909] 2025-07-20 20:44:10  INFO RequestValidationFilter:269 - current thread getHeaders: reactor-http-nio-1
[gateway-service] [1267202784692854910] 2025-07-20 20:44:11  INFO RequestValidationFilter:141 - current thread readBody : reactor-http-nio-2
[gateway-service] [1267202784692854910] 2025-07-20 20:44:11  INFO RequestValidationFilter:221 - /damai/order/order/get/cache是否跳过登录验证: true
[gateway-service] [1267202784692854910] 2025-07-20 20:44:11  INFO RequestValidationFilter:269 - current thread getHeaders: reactor-http-nio-2
[gateway-service] [1267202784692854911] 2025-07-20 20:44:11  INFO RequestValidationFilter:141 - current thread readBody : reactor-http-nio-3
[gateway-service] [1267202784692854911] 2025-07-20 20:44:11  INFO RequestValidationFilter:221 - /damai/order/order/get/cache是否跳过登录验证: true
[gateway-service] [1267202784692854911] 2025-07-20 20:44:11  INFO RequestValidationFilter:269 - current thread getHeaders: reactor-http-nio-3
[gateway-service] [1267202784692854912] 2025-07-20 20:44:11  INFO RequestValidationFilter:141 - current thread readBody : reactor-http-nio-4
[gateway-service] [1267202784692854912] 2025-07-20 20:44:11  INFO RequestValidationFilter:221 - /damai/order/order/get/cache是否跳过登录验证: true
[gateway-service] [1267202784692854912] 2025-07-20 20:44:11  INFO RequestValidationFilter:269 - current thread getHeaders: reactor-http-nio-4
[gateway-service] [1267202784692854913] 2025-07-20 20:44:11  INFO RequestValidationFilter:141 - current thread readBody : reactor-http-nio-5
[gateway-service] [1267202784692854913] 2025-07-20 20:44:11  INFO RequestValidationFilter:221 - /damai/order/order/get/cache是否跳过登录验证: true
[gateway-service] [1267202784692854913] 2025-07-20 20:44:11  INFO RequestValidationFilter:269 - current thread getHeaders: reactor-http-nio-5
[gateway-service] [1267202784692854914] 2025-07-20 20:44:11  INFO RequestValidationFilter:141 - current thread readBody : reactor-http-nio-6
[gateway-service] [1267202784692854914] 2025-07-20 20:44:11  INFO RequestValidationFilter:221 - /damai/order/order/get/cache是否跳过登录验证: true
[gateway-service] [1267202784692854914] 2025-07-20 20:44:11  INFO RequestValidationFilter:269 - current thread getHeaders: reactor-http-nio-6
[gateway-service] [1267202784692854915] 2025-07-20 20:44:12  INFO RequestValidationFilter:141 - current thread readBody : reactor-http-nio-7
[gateway-service] [1267202784692854915] 2025-07-20 20:44:12  INFO RequestValidationFilter:221 - /damai/order/order/get/cache是否跳过登录验证: true
[gateway-service] [1267202784692854915] 2025-07-20 20:44:12  INFO RequestValidationFilter:269 - current thread getHeaders: reactor-http-nio-7
[gateway-service] [1267202784692854916] 2025-07-20 20:44:12  INFO RequestValidationFilter:141 - current thread readBody : reactor-http-nio-8
[gateway-service] [1267202784692854916] 2025-07-20 20:44:12  INFO RequestValidationFilter:221 - /damai/order/order/get/cache是否跳过登录验证: true
[gateway-service] [1267202784692854916] 2025-07-20 20:44:12  INFO RequestValidationFilter:269 - current thread getHeaders: reactor-http-nio-8
[gateway-service] [1267202784692854917] 2025-07-20 20:44:12  INFO RequestValidationFilter:141 - current thread readBody : reactor-http-nio-9
[gateway-service] [1267202784692854917] 2025-07-20 20:44:12  INFO RequestValidationFilter:221 - /damai/order/order/get/cache是否跳过登录验证: true
[gateway-service] [1267202784692854917] 2025-07-20 20:44:12  INFO RequestValidationFilter:269 - current thread getHeaders: reactor-http-nio-9
[gateway-service] [1267202784692854918] 2025-07-20 20:44:12  INFO RequestValidationFilter:141 - current thread readBody : reactor-http-nio-10
[gateway-service] [1267202784692854918] 2025-07-20 20:44:12  INFO RequestValidationFilter:221 - /damai/order/order/get/cache是否跳过登录验证: true
[gateway-service] [1267202784692854918] 2025-07-20 20:44:12  INFO RequestValidationFilter:269 - current thread getHeaders: reactor-http-nio-10
[gateway-service] [1267202784692854919] 2025-07-20 20:44:13  INFO RequestValidationFilter:141 - current thread readBody : reactor-http-nio-12
[gateway-service] [1267202784692854919] 2025-07-20 20:44:13  INFO RequestValidationFilter:221 - /damai/order/order/get/cache是否跳过登录验证: true
[gateway-service] [1267202784692854919] 2025-07-20 20:44:13  INFO RequestValidationFilter:269 - current thread getHeaders: reactor-http-nio-12
[gateway-service] [] 2025-07-20 20:45:45  INFO client:63 - [5bc3e0ef-8c97-48c3-9b97-aa0c294b8f7f] Receive server push request, request = NotifySubscriberRequest, requestId = 11
[gateway-service] [] 2025-07-20 20:45:45  INFO naming:225 - removed ips(1) service: DEFAULT_GROUP@@damai-order-service -> [{"ip":"192.168.0.14","port":6097,"weight":1.0,"healthy":true,"enabled":true,"ephemeral":true,"clusterName":"DEFAULT","serviceName":"DEFAULT_GROUP@@damai-order-service","metadata":{"preserved.register.source":"SPRING_CLOUD"},"ipDeleteTimeout":30000,"instanceHeartBeatInterval":5000,"instanceHeartBeatTimeOut":15000}]
[gateway-service] [] 2025-07-20 20:45:45  INFO naming:144 - current ips:(0) service: DEFAULT_GROUP@@damai-order-service -> []
[gateway-service] [] 2025-07-20 20:45:45  INFO client:63 - [5bc3e0ef-8c97-48c3-9b97-aa0c294b8f7f] Ack server push request, request = NotifySubscriberRequest, requestId = 11
[gateway-service] [] 2025-07-20 20:45:45  INFO client:63 - [5bc3e0ef-8c97-48c3-9b97-aa0c294b8f7f] Receive server push request, request = NotifySubscriberRequest, requestId = 12
[gateway-service] [] 2025-07-20 20:45:45  INFO naming:225 - removed ips(1) service: DEFAULT_GROUP@@damai-user-service -> [{"ip":"192.168.0.14","port":6082,"weight":1.0,"healthy":true,"enabled":true,"ephemeral":true,"clusterName":"DEFAULT","serviceName":"DEFAULT_GROUP@@damai-user-service","metadata":{"preserved.register.source":"SPRING_CLOUD"},"ipDeleteTimeout":30000,"instanceHeartBeatInterval":5000,"instanceHeartBeatTimeOut":15000}]
[gateway-service] [] 2025-07-20 20:45:45  INFO naming:144 - current ips:(0) service: DEFAULT_GROUP@@damai-user-service -> []
[gateway-service] [] 2025-07-20 20:45:45  INFO client:63 - [5bc3e0ef-8c97-48c3-9b97-aa0c294b8f7f] Ack server push request, request = NotifySubscriberRequest, requestId = 12
[gateway-service] [] 2025-07-20 20:45:45  WARN NotifyCenter:134 - [NotifyCenter] Start destroying Publisher
[gateway-service] [] 2025-07-20 20:45:45  WARN NotifyCenter:151 - [NotifyCenter] Destruction of the end
[gateway-service] [] 2025-07-20 20:45:45  WARN HttpClientBeanHolder:102 - [HttpClientBeanHolder] Start destroying common HttpClient
[gateway-service] [] 2025-07-20 20:45:45  WARN HttpClientBeanHolder:111 - [HttpClientBeanHolder] Destruction of the end
[gateway-service] [] 2025-07-20 20:45:46  INFO client:63 - [5bc3e0ef-8c97-48c3-9b97-aa0c294b8f7f] Receive server push request, request = NotifySubscriberRequest, requestId = 15
[gateway-service] [] 2025-07-20 20:45:46  INFO naming:225 - removed ips(1) service: DEFAULT_GROUP@@damai-base-data-service -> [{"ip":"192.168.0.14","port":6083,"weight":1.0,"healthy":true,"enabled":true,"ephemeral":true,"clusterName":"DEFAULT","serviceName":"DEFAULT_GROUP@@damai-base-data-service","metadata":{"preserved.register.source":"SPRING_CLOUD"},"ipDeleteTimeout":30000,"instanceHeartBeatInterval":5000,"instanceHeartBeatTimeOut":15000}]
[gateway-service] [] 2025-07-20 20:45:46  INFO naming:144 - current ips:(0) service: DEFAULT_GROUP@@damai-base-data-service -> []
[gateway-service] [] 2025-07-20 20:45:46  INFO client:63 - [5bc3e0ef-8c97-48c3-9b97-aa0c294b8f7f] Ack server push request, request = NotifySubscriberRequest, requestId = 15
[gateway-service] [] 2025-07-20 20:45:46  INFO client:63 - [5bc3e0ef-8c97-48c3-9b97-aa0c294b8f7f] Receive server push request, request = NotifySubscriberRequest, requestId = 16
[gateway-service] [] 2025-07-20 20:45:46  INFO naming:225 - removed ips(1) service: DEFAULT_GROUP@@damai-program-service -> [{"ip":"192.168.0.14","port":6084,"weight":1.0,"healthy":true,"enabled":true,"ephemeral":true,"clusterName":"DEFAULT","serviceName":"DEFAULT_GROUP@@damai-program-service","metadata":{"preserved.register.source":"SPRING_CLOUD"},"ipDeleteTimeout":30000,"instanceHeartBeatInterval":5000,"instanceHeartBeatTimeOut":15000}]
[gateway-service] [] 2025-07-20 20:45:46  INFO naming:144 - current ips:(0) service: DEFAULT_GROUP@@damai-program-service -> []
[gateway-service] [] 2025-07-20 20:45:46  INFO client:63 - [5bc3e0ef-8c97-48c3-9b97-aa0c294b8f7f] Ack server push request, request = NotifySubscriberRequest, requestId = 16
[gateway-service] [] 2025-07-20 20:45:46  INFO client:63 - [5bc3e0ef-8c97-48c3-9b97-aa0c294b8f7f] Receive server push request, request = NotifySubscriberRequest, requestId = 17
[gateway-service] [] 2025-07-20 20:45:46  INFO naming:225 - removed ips(1) service: DEFAULT_GROUP@@damai-pay-service -> [{"ip":"192.168.0.14","port":6087,"weight":1.0,"healthy":true,"enabled":true,"ephemeral":true,"clusterName":"DEFAULT","serviceName":"DEFAULT_GROUP@@damai-pay-service","metadata":{"preserved.register.source":"SPRING_CLOUD"},"ipDeleteTimeout":30000,"instanceHeartBeatInterval":5000,"instanceHeartBeatTimeOut":15000}]
[gateway-service] [] 2025-07-20 20:45:46  INFO naming:144 - current ips:(0) service: DEFAULT_GROUP@@damai-pay-service -> []
[gateway-service] [] 2025-07-20 20:45:46  INFO client:63 - [5bc3e0ef-8c97-48c3-9b97-aa0c294b8f7f] Ack server push request, request = NotifySubscriberRequest, requestId = 17
[gateway-service] [] 2025-07-20 20:45:47  INFO NacosServiceRegistry:95 - De-registering from Nacos Server now...
[gateway-service] [] 2025-07-20 20:45:47  INFO naming:272 - [DEREGISTER-SERVICE] public deregistering service damai-gateway-service with instance: Instance{instanceId='null', ip='192.168.0.14', port=6085, weight=1.0, healthy=true, enabled=true, ephemeral=true, clusterName='DEFAULT', serviceName='null', metadata={}}
[gateway-service] [] 2025-07-20 20:45:48  INFO NacosServiceRegistry:115 - De-registration finished.
[gateway-service] [] 2025-07-20 20:45:48  INFO naming:254 - com.alibaba.nacos.client.naming.cache.ServiceInfoHolder do shutdown begin
[gateway-service] [] 2025-07-20 20:45:48  INFO naming:180 - com.alibaba.nacos.client.naming.backups.FailoverReactor do shutdown begin
[gateway-service] [] 2025-07-20 20:45:48  INFO naming:182 - com.alibaba.nacos.client.naming.backups.FailoverReactor do shutdown stop
[gateway-service] [] 2025-07-20 20:45:48  INFO naming:256 - com.alibaba.nacos.client.naming.cache.ServiceInfoHolder do shutdown stop
[gateway-service] [] 2025-07-20 20:45:48  INFO naming:204 - com.alibaba.nacos.client.naming.remote.NamingClientProxyDelegate do shutdown begin
[gateway-service] [] 2025-07-20 20:45:48  INFO naming:147 - com.alibaba.nacos.client.naming.core.ServiceInfoUpdateService do shutdown begin
[gateway-service] [] 2025-07-20 20:45:48  INFO naming:149 - com.alibaba.nacos.client.naming.core.ServiceInfoUpdateService do shutdown stop
[gateway-service] [] 2025-07-20 20:45:48  INFO naming:218 - com.alibaba.nacos.client.naming.core.ServerListManager do shutdown begin
[gateway-service] [] 2025-07-20 20:45:48  WARN naming:71 - [NamingHttpClientManager] Start destroying NacosRestTemplate
[gateway-service] [] 2025-07-20 20:45:48  WARN naming:78 - [NamingHttpClientManager] Destruction of the end
[gateway-service] [] 2025-07-20 20:45:48  INFO naming:223 - com.alibaba.nacos.client.naming.core.ServerListManager do shutdown stop
[gateway-service] [] 2025-07-20 20:45:48  INFO naming:468 - com.alibaba.nacos.client.naming.remote.http.NamingHttpClientProxy do shutdown begin
[gateway-service] [] 2025-07-20 20:45:48  WARN naming:71 - [NamingHttpClientManager] Start destroying NacosRestTemplate
[gateway-service] [] 2025-07-20 20:45:48  WARN naming:78 - [NamingHttpClientManager] Destruction of the end
[gateway-service] [] 2025-07-20 20:45:48  INFO naming:470 - com.alibaba.nacos.client.naming.remote.http.NamingHttpClientProxy do shutdown stop
[gateway-service] [] 2025-07-20 20:45:48  INFO naming:487 - Shutdown naming grpc client proxy for  uuid->5bc3e0ef-8c97-48c3-9b97-aa0c294b8f7f
[gateway-service] [] 2025-07-20 20:45:48  INFO naming:331 - Shutdown grpc redo service executor java.util.concurrent.ScheduledThreadPoolExecutor@7fca7d47[Running, pool size = 1, active threads = 0, queued tasks = 1, completed tasks = 227]
[gateway-service] [] 2025-07-20 20:45:48  INFO client:425 - Shutdown rpc client, set status to shutdown
[gateway-service] [] 2025-07-20 20:45:48  INFO client:427 - Shutdown client event executor java.util.concurrent.ScheduledThreadPoolExecutor@ee468dc[Running, pool size = 2, active threads = 2, queued tasks = 0, completed tasks = 0]
[gateway-service] [] 2025-07-20 20:45:48  INFO client:584 - Close current connection 1753014866141_192.168.88.1_32520
[gateway-service] [] 2025-07-20 20:45:48  INFO GrpcClient:63 - [1753014866141_192.168.88.1_32520]Ignore complete event,isRunning:false,isAbandon=false
[gateway-service] [] 2025-07-20 20:45:48  INFO GrpcClient:187 - Shutdown grpc executor java.util.concurrent.ThreadPoolExecutor@1fe5aa15[Running, pool size = 8, active threads = 0, queued tasks = 0, completed tasks = 354]
[gateway-service] [] 2025-07-20 20:45:48  INFO naming:497 - shutdown and remove naming rpc client  for uuid ->5bc3e0ef-8c97-48c3-9b97-aa0c294b8f7f
[gateway-service] [] 2025-07-20 20:45:48  INFO CredentialWatcher:107 - [null] CredentialWatcher is stopped
[gateway-service] [] 2025-07-20 20:45:48  INFO CredentialService:91 - [null] CredentialService is freed
[gateway-service] [] 2025-07-20 20:45:48  INFO naming:211 - com.alibaba.nacos.client.naming.remote.NamingClientProxyDelegate do shutdown stop
